// Jest Snapshot v1, https://goo.gl/fbAQLP

exports[`Happy path of App.js It successfully check using snapshot 1`] = `
<div>
  Loading.......
</div>
`;
